// Jest Snapshot v1, https://goo.gl/fbAQLP

exports[`Button Panel renders correctly 1`] = `
<div
  className="button-panel"
>
  <div
    className="buttons font"
  >
    <button
      className="button grey "
      onClick={[Function]}
      type="button"
    >
      AC
    </button>
    <button
      className="button grey "
      onClick={[Function]}
      type="button"
    >
      +/-
    </button>
    <button
      className="button grey "
      onClick={[Function]}
      type="button"
    >
      %
    </button>
    <button
      className="button orange "
      onClick={[Function]}
      type="button"
    >
      รท
    </button>
  </div>
  <div
    className="buttons font"
  >
    <button
      className="button grey "
      onClick={[Function]}
      type="button"
    >
      7
    </button>
    <button
      className="button grey "
      onClick={[Function]}
      type="button"
    >
      8
    </button>
    <button
      className="button grey "
      onClick={[Function]}
      type="button"
    >
      9
    </button>
    <button
      className="button orange "
      onClick={[Function]}
      type="button"
    >
      *
    </button>
  </div>
  <div
    className="buttons"
  >
    <button
      className="button grey "
      onClick={[Function]}
      type="button"
    >
      4
    </button>
    <button
      className="button grey "
      onClick={[Function]}
      type="button"
    >
      5
    </button>
    <button
      className="button grey "
      onClick={[Function]}
      type="button"
    >
      6
    </button>
    <button
      className="button orange "
      onClick={[Function]}
      type="button"
    >
      -
    </button>
  </div>
  <div
    className="buttons"
  >
    <button
      className="button grey "
      onClick={[Function]}
      type="button"
    >
      1
    </button>
    <button
      className="button grey "
      onClick={[Function]}
      type="button"
    >
      2
    </button>
    <button
      className="button grey "
      onClick={[Function]}
      type="button"
    >
      3
    </button>
    <button
      className="button orange "
      onClick={[Function]}
      type="button"
    >
      +
    </button>
  </div>
  <div
    className="buttons"
  >
    <button
      className="button grey width"
      onClick={[Function]}
      type="button"
    >
      0
    </button>
    <button
      className="button grey "
      onClick={[Function]}
      type="button"
    >
      .
    </button>
    <button
      className="button orange "
      onClick={[Function]}
      type="button"
    >
      =
    </button>
  </div>
</div>
`;

exports[`Button renders correctly 1`] = `
<div
  className="button-panel"
>
  <div
    className="buttons font"
  >
    <button
      className="button grey "
      onClick={[Function]}
      type="button"
    >
      AC
    </button>
    <button
      className="button grey "
      onClick={[Function]}
      type="button"
    >
      +/-
    </button>
    <button
      className="button grey "
      onClick={[Function]}
      type="button"
    >
      %
    </button>
    <button
      className="button orange "
      onClick={[Function]}
      type="button"
    >
      รท
    </button>
  </div>
  <div
    className="buttons font"
  >
    <button
      className="button grey "
      onClick={[Function]}
      type="button"
    >
      7
    </button>
    <button
      className="button grey "
      onClick={[Function]}
      type="button"
    >
      8
    </button>
    <button
      className="button grey "
      onClick={[Function]}
      type="button"
    >
      9
    </button>
    <button
      className="button orange "
      onClick={[Function]}
      type="button"
    >
      *
    </button>
  </div>
  <div
    className="buttons"
  >
    <button
      className="button grey "
      onClick={[Function]}
      type="button"
    >
      4
    </button>
    <button
      className="button grey "
      onClick={[Function]}
      type="button"
    >
      5
    </button>
    <button
      className="button grey "
      onClick={[Function]}
      type="button"
    >
      6
    </button>
    <button
      className="button orange "
      onClick={[Function]}
      type="button"
    >
      -
    </button>
  </div>
  <div
    className="buttons"
  >
    <button
      className="button grey "
      onClick={[Function]}
      type="button"
    >
      1
    </button>
    <button
      className="button grey "
      onClick={[Function]}
      type="button"
    >
      2
    </button>
    <button
      className="button grey "
      onClick={[Function]}
      type="button"
    >
      3
    </button>
    <button
      className="button orange "
      onClick={[Function]}
      type="button"
    >
      +
    </button>
  </div>
  <div
    className="buttons"
  >
    <button
      className="button grey width"
      onClick={[Function]}
      type="button"
    >
      0
    </button>
    <button
      className="button grey "
      onClick={[Function]}
      type="button"
    >
      .
    </button>
    <button
      className="button orange "
      onClick={[Function]}
      type="button"
    >
      =
    </button>
  </div>
</div>
`;

exports[`ButtonPanel renders correctly 1`] = `
<div
  className="button-panel"
>
  <div
    className="buttons font"
  >
    <button
      className="button grey "
      onClick={[Function]}
      type="button"
    >
      AC
    </button>
    <button
      className="button grey "
      onClick={[Function]}
      type="button"
    >
      +/-
    </button>
    <button
      className="button grey "
      onClick={[Function]}
      type="button"
    >
      %
    </button>
    <button
      className="button orange "
      onClick={[Function]}
      type="button"
    >
      รท
    </button>
  </div>
  <div
    className="buttons font"
  >
    <button
      className="button grey "
      onClick={[Function]}
      type="button"
    >
      7
    </button>
    <button
      className="button grey "
      onClick={[Function]}
      type="button"
    >
      8
    </button>
    <button
      className="button grey "
      onClick={[Function]}
      type="button"
    >
      9
    </button>
    <button
      className="button orange "
      onClick={[Function]}
      type="button"
    >
      *
    </button>
  </div>
  <div
    className="buttons"
  >
    <button
      className="button grey "
      onClick={[Function]}
      type="button"
    >
      4
    </button>
    <button
      className="button grey "
      onClick={[Function]}
      type="button"
    >
      5
    </button>
    <button
      className="button grey "
      onClick={[Function]}
      type="button"
    >
      6
    </button>
    <button
      className="button orange "
      onClick={[Function]}
      type="button"
    >
      -
    </button>
  </div>
  <div
    className="buttons"
  >
    <button
      className="button grey "
      onClick={[Function]}
      type="button"
    >
      1
    </button>
    <button
      className="button grey "
      onClick={[Function]}
      type="button"
    >
      2
    </button>
    <button
      className="button grey "
      onClick={[Function]}
      type="button"
    >
      3
    </button>
    <button
      className="button orange "
      onClick={[Function]}
      type="button"
    >
      +
    </button>
  </div>
  <div
    className="buttons"
  >
    <button
      className="button grey width"
      onClick={[Function]}
      type="button"
    >
      0
    </button>
    <button
      className="button grey "
      onClick={[Function]}
      type="button"
    >
      .
    </button>
    <button
      className="button orange "
      onClick={[Function]}
      type="button"
    >
      =
    </button>
  </div>
</div>
`;
