// Jest Snapshot v1, https://goo.gl/fbAQLP

exports[`Button renders correctly 1`] = `
<button
  className="button orange "
  onClick={[Function]}
  type="button"
>
  1
</button>
`;
