// Jest Snapshot v1, https://goo.gl/fbAQLP

exports[`Quote renders correctly 1`] = `
<p
  className="content"
>
  As far as the laws of mathematics refer to reality, they are not certain, and as far as they are certain, they do not refer to reality.
  <br />
  <br />
  â€” Albert Einstein
</p>
`;
